Microchip MPLAB XC8 Compiler V2.31

Linker command line:

-W-3 --edf=D:\PrograMicros\pic\dat\en_msgs.txt -cn \
  -h+dist/default/production\D2_P1_M.X.production.sym \
  --cmf=dist/default/production\D2_P1_M.X.production.cmf -z -Q16F887 \
  -oC:\Users\Luispe\AppData\Local\Temp\s398.2 --defsym=__MPLAB_BUILD=1 \
  -Mdist/default/production/D2_P1_M.X.production.map -E1 -ver=XC8 Compiler \
  --acfsm=1493 -ASTACK=0110h-016Fh -pstack=STACK -ACODE=00h-07FFhx4 \
  -ASTRCODE=00h-01FFFh -ASTRING=00h-0FFhx32 -ACONST=00h-0FFhx32 \
  -AENTRY=00h-0FFhx32 -ACOMMON=070h-07Fh -ABANK0=020h-06Fh \
  -ABANK1=0A0h-0EFh -ABANK2=0110h-016Fh -ABANK3=0190h-01EFh \
  -ARAM=020h-06Fh,0A0h-0EFh,0110h-016Fh,0190h-01EFh \
  -AABS1=020h-07Fh,0A0h-0EFh,0110h-016Fh,0190h-01EFh -ASFR0=00h-01Fh \
  -ASFR1=080h-09Fh -ASFR2=0100h-010Fh -ASFR3=0180h-018Fh \
  -ACONFIG=02007h-02008h -DCONFIG=2 -AIDLOC=02000h-02003h -DIDLOC=2 \
  -AEEDATA=00h-0FFh/02100h -peeprom_data=EEDATA -DEEDATA=2 -DCODE=2 \
  -DSTRCODE=2 -DSTRING=2 -DCONST=2 -DENTRY=2 \
  -preset_vec=00h,intentry=04h,init,end_init -ppowerup=CODE -pcinit=CODE \
  -pfunctab=ENTRY -k C:\Users\Luispe\AppData\Local\Temp\s398.o \
  dist/default/production\D2_P1_M.X.production.o 

Object code version is 3.11

Machine type is 16F887



                Name                               Link     Load   Length Selector   Space Scale
C:\Users\Luispe\AppData\Local\Temp\s398.o
                end_init                              C        C        3        8       0
                reset_vec                             0        0        3        0       0
                config                             2007     2007        2        0       4
dist/default/production\D2_P1_M.X.production.o
                cinit                                 F        F        F        8       0
                intentry                              4        4        8        8       0
                config                             2007     2007        2        0       4
                text29                              800      800        7     1000       0
                text28                             1637     1637       69     2C6E       0
                text27                              883      883      1DD     1106       0
                text26                             16A0     16A0       A4     2D40       0
                text25                             131A     131A       29     2634       0
                text24                              480      480      361        8       0
                text23                              A60      A60      288     14C0       0
                text22                             12CF     12CF       24     259E       0
                text21                              807      807       7C     100E       0
                text20                             12F3     12F3       27     25E6       0
                text19                             1744     1744       BC     2E88       0
                text18                               1E       1E      462        8       0
                text17                             1279     1279        D     24F2       0
                text16                             1343     1343       2E     2686       0
                text15                             125D     125D        9     24BA       0
                text14                             1266     1266        9     24CC       0
                text13                             126F     126F        A     24DE       0
                text12                             12AD     12AD       22     255A       0
                text11                             1293     1293       1A     2526       0
                text10                             1286     1286        D     250C       0
                text9                              1510     1510       5D     2A20       0
                text8                              145F     145F       58     28BE       0
                text7                              13E0     13E0       39     27C0       0
                text6                              1419     1419       46     2832       0
                text5                              14B7     14B7       59     296E       0
                text4                              156D     156D       62     2ADA       0
                text3                              15CF     15CF       68     2B9E       0
                text2                              13A8     13A8       38     2750       0
                text1                              1371     1371       37     26E2       0
                maintext                            CE8      CE8      318     19D0       0
                cstackBANK0                          20       20       4D       20       1
                cstackCOMMON                         70       70        A       70       1
                cstackBANK1                          CD       CD       1D       A0       1
                clrtext                            1255     1255        8     24AA       0
                bssBANK1                             A0       A0       2D       A0       1
                bssCOMMON                            7A       7A        2       70       1
                strings                             7E1      7E1       1D      FC2       0

TOTAL           Name                               Link     Load   Length     Space
        CLASS   STACK          

        CLASS   CODE           
                end_init                              C        C        3         0
                cinit                                 F        F        F         0
                intentry                              4        4        8         0
                reset_vec                             0        0        3         0
                text29                              800      800        7         0
                text28                             1637     1637       69         0
                text27                              883      883      1DD         0
                text26                             16A0     16A0       A4         0
                text25                             131A     131A       29         0
                text24                              480      480      361         0
                text23                              A60      A60      288         0
                text22                             12CF     12CF       24         0
                text21                              807      807       7C         0
                text20                             12F3     12F3       27         0
                text19                             1744     1744       BC         0
                text18                               1E       1E      462         0
                text17                             1279     1279        D         0
                text16                             1343     1343       2E         0
                text15                             125D     125D        9         0
                text14                             1266     1266        9         0
                text13                             126F     126F        A         0
                text12                             12AD     12AD       22         0
                text11                             1293     1293       1A         0
                text10                             1286     1286        D         0
                text9                              1510     1510       5D         0
                text8                              145F     145F       58         0
                text7                              13E0     13E0       39         0
                text6                              1419     1419       46         0
                text5                              14B7     14B7       59         0
                text4                              156D     156D       62         0
                text3                              15CF     15CF       68         0
                text2                              13A8     13A8       38         0
                text1                              1371     1371       37         0
                maintext                            CE8      CE8      318         0
                clrtext                            1255     1255        8         0

        CLASS   STRCODE        

        CLASS   STRING         
                strings                             7E1      7E1       1D         0

        CLASS   CONST          

        CLASS   ENTRY          

        CLASS   COMMON         
                cstackCOMMON                         70       70        A         1
                bssCOMMON                            7A       7A        2         1

        CLASS   BANK0          
                cstackBANK0                          20       20       4D         1

        CLASS   BANK1          
                cstackBANK1                          CD       CD       1D         1
                bssBANK1                             A0       A0       2D         1

        CLASS   BANK2          

        CLASS   BANK3          

        CLASS   RAM            

        CLASS   ABS1           
                abs_s1                               7E       7E        2         1

        CLASS   SFR0           

        CLASS   SFR1           

        CLASS   SFR2           

        CLASS   SFR3           

        CLASS   CONFIG         
                config                             2007     2007        2         4

        CLASS   IDLOC          

        CLASS   EEDATA         



SEGMENTS        Name                           Load    Length   Top    Selector   Space  Class     Delta

                reset_vec                      000000  000003  000003         0       0  CODE        2
                intentry                       000004  0007DD  0007E1         8       0  CODE        2
                cstackBANK0                    000020  00004D  00006D        20       1  BANK0       1
                cstackCOMMON                   000070  00000C  00007C        70       1  COMMON      1
                bssBANK1                       0000A0  00004A  0000EA        A0       1  BANK1       1
                strings                        0007E1  00001D  0007FE       FC2       0  STRING      2
                text29                         000800  000007  000807      1000       0  CODE        2
                text21                         000807  00007C  000883      100E       0  CODE        2
                text27                         000883  0001DD  000A60      1106       0  CODE        2
                text23                         000A60  000288  000CE8      14C0       0  CODE        2
                maintext                       000CE8  000318  001000      19D0       0  CODE        2
                clrtext                        001255  000008  00125D      24AA       0  CODE        2
                text15                         00125D  000009  001266      24BA       0  CODE        2
                text14                         001266  000009  00126F      24CC       0  CODE        2
                text13                         00126F  00000A  001279      24DE       0  CODE        2
                text17                         001279  00000D  001286      24F2       0  CODE        2
                text10                         001286  00000D  001293      250C       0  CODE        2
                text11                         001293  00001A  0012AD      2526       0  CODE        2
                text12                         0012AD  000022  0012CF      255A       0  CODE        2
                text22                         0012CF  000024  0012F3      259E       0  CODE        2
                text20                         0012F3  000027  00131A      25E6       0  CODE        2
                text25                         00131A  000029  001343      2634       0  CODE        2
                text16                         001343  00002E  001371      2686       0  CODE        2
                text1                          001371  000037  0013A8      26E2       0  CODE        2
                text2                          0013A8  000038  0013E0      2750       0  CODE        2
                text7                          0013E0  000039  001419      27C0       0  CODE        2
                text6                          001419  000046  00145F      2832       0  CODE        2
                text8                          00145F  000058  0014B7      28BE       0  CODE        2
                text5                          0014B7  000059  001510      296E       0  CODE        2
                text9                          001510  00005D  00156D      2A20       0  CODE        2
                text4                          00156D  000062  0015CF      2ADA       0  CODE        2
                text3                          0015CF  000068  001637      2B9E       0  CODE        2
                text28                         001637  000069  0016A0      2C6E       0  CODE        2
                text26                         0016A0  0000A4  001744      2D40       0  CODE        2
                text19                         001744  0000BC  001800      2E88       0  CODE        2


UNUSED ADDRESS RANGES

        Name                Unused          Largest block    Delta
        BANK0            006D-006F              3           1
        BANK1            00EA-00EF              6           1
        BANK2            0110-016F             60           1
        BANK3            0190-01EF             60           1
        CODE             0003-0003              1           2
                         07FE-07FF              2
                         1000-1254            255
                         1800-1FFF            800
        COMMON           007C-007D              2           1
        CONST            0003-0003              1           2
                         07FE-07FF              2
                         1000-1254            100
                         1800-1FFF            100
        EEDATA           2100-21FF            100           2
        ENTRY            0003-0003              1           2
                         07FE-07FF              2
                         1000-1254            100
                         1800-1FFF            100
        IDLOC            2000-2003              4           2
        RAM              006D-006F              3           1
                         00EA-00EF              6
                         0110-016F             60
                         0190-01EF             60
        SFR0             0000-001F             20           1
        SFR1             0080-009F             20           1
        SFR2             0100-010F             10           1
        SFR3             0180-018F             10           1
        STACK            0110-016F             60           1
        STRCODE          0003-0003              1           2
                         07FE-07FF              2
                         1000-1254            255
                         1800-1FFF            800
        STRING           0003-0003              1           2
                         07FE-07FF              2
                         1000-1254            100
                         1800-1FFF            100

                                  Symbol Table

?_I2C_Master_Read          cstackCOMMON 0072
?__Umul8_16                cstackCOMMON 0072
?___awdiv                  cstackCOMMON 0072
?___awmod                  cstackCOMMON 0072
?___fladd                  cstackCOMMON 0072
?___fldiv                  cstackBANK0  0037
?___flmul                  cstackBANK0  0051
?___flsub                  cstackBANK0  0037
?___fltol                  cstackCOMMON 0072
?___lldiv                  cstackCOMMON 0072
?___wmul                   cstackBANK0  0025
?___xxtofl                 cstackBANK0  0029
ADC_convert@a              cstackBANK1  00CD
ADC_convert@character      cstackBANK1  00DE
ADC_convert@data           cstackBANK1  00D7
ADC_convert@i              cstackBANK1  00DC
ADC_convert@j              cstackBANK1  00D5
ADC_convert@mu             cstackBANK1  00E0
ADC_convert@place          cstackBANK1  00D1
ADC_convert@temp           cstackBANK1  00D3
ADC_convert@x              cstackBANK1  00D8
I2C_Master_Init@c          cstackBANK0  0026
I2C_Master_Read@a          cstackCOMMON 0072
I2C_Master_Read@temp       cstackCOMMON 0076
I2C_Master_Write@d         cstackCOMMON 0072
LCD_Cmd@a                  cstackCOMMON 0075
LCD_Port@a                 cstackCOMMON 0072
LCD_Set_Cursor@a           cstackBANK0  0020
LCD_Set_Cursor@b           cstackCOMMON 0076
LCD_Set_Cursor@temp        cstackBANK0  0023
LCD_Set_Cursor@y           cstackBANK0  0022
LCD_Set_Cursor@z           cstackBANK0  0021
LCD_Write_Char@a           cstackCOMMON 0076
LCD_Write_Char@temp        cstackCOMMON 0074
LCD_Write_Char@y           cstackCOMMON 0075
LCD_Write_String@a         cstackCOMMON 0077
LCD_Write_String@i         cstackBANK0  0023
_ADC0                      bssBANK1     00C3
_ADC1                      bssBANK1     00B9
_ADC_convert               text18       001E
_ANSEL                     (abs)        0188
_ANSELH                    (abs)        0189
_Centenas                  bssCOMMON    007B
_Cont_conversor            bssBANK1     00AB
_Decenas                   bssBANK1     00AA
_GIE                       (abs)        005F
_I2C_Master_Init           text2        13A8
_I2C_Master_Read           text16       1343
_I2C_Master_Start          text15       125D
_I2C_Master_Stop           text14       1266
_I2C_Master_Wait           text17       1279
_I2C_Master_Write          text13       126F
_IOCBbits                  (abs)        0096
_LCD_Clear                 text10       1286
_LCD_Cmd                   text11       1293
_LCD_Init                  text9        1510
_LCD_Port                  text12       12AD
_LCD_Set_Cursor            text8        145F
_LCD_Write_Char            text7        13E0
_LCD_Write_String          text6        1419
_OPTION_REGbits            (abs)        0081
_OSCCONbits                (abs)        008F
_PEIE                      (abs)        005E
_PORTA                     (abs)        0005
_PORTB                     (abs)        0006
_PORTC                     (abs)        0007
_PORTD                     (abs)        0008
_PORTE                     (abs)        0009
_POT                       bssBANK1     00AD
_Pot_conversor             bssBANK1     00A0
_RC0                       (abs)        0038
_RC1                       (abs)        0039
_RC2                       (abs)        003A
_RC5                       (abs)        003D
_RE0                       (abs)        0048
_RE1                       (abs)        0049
_Residuo                   bssCOMMON    007A
_SSPADD                    (abs)        0093
_SSPBUF                    (abs)        0013
_SSPCON                    (abs)        0014
_SSPCON2                   (abs)        0091
_SSPCON2bits               (abs)        0091
_SSPIE                     (abs)        0463
_SSPIF                     (abs)        0063
_SSPSTAT                   (abs)        0094
_TRISAbits                 (abs)        0085
_TRISB                     (abs)        0086
_TRISC                     (abs)        0087
_TRISC3                    (abs)        043B
_TRISC4                    (abs)        043C
_TRISCbits                 (abs)        0087
_TRISD                     (abs)        0088
_TRISEbits                 (abs)        0089
_Temp_conversor            bssBANK1     00AC
_Unidades                  bssBANK1     00A9
_WPUB                      (abs)        0095
__Habs1                    abs1         0000
__Hbank0                   bank0        0000
__Hbank1                   bank1        0000
__Hbank2                   bank2        0000
__Hbank3                   bank3        0000
__HbssBANK1                bssBANK1     0000
__HbssCOMMON               bssCOMMON    0000
__Hcinit                   cinit        001E
__Hclrtext                 clrtext      0000
__Hcode                    code         0000
__Hcommon                  common       0000
__Hconfig                  config       2009
__HcstackBANK0             cstackBANK0  0000
__HcstackBANK1             cstackBANK1  0000
__HcstackCOMMON            cstackCOMMON 0000
__Heeprom_data             eeprom_data  0000
__Hend_init                end_init     000F
__Hfunctab                 functab      0000
__Hinit                    init         000C
__Hintentry                intentry     000C
__Hmaintext                maintext     0000
__Hpowerup                 powerup      0000
__Hram                     ram          0000
__Hreset_vec               reset_vec    0003
__Hsfr0                    sfr0         0000
__Hsfr1                    sfr1         0000
__Hsfr2                    sfr2         0000
__Hsfr3                    sfr3         0000
__Hspace_0                 (abs)        1800
__Hspace_1                 (abs)        00EA
__Hspace_2                 (abs)        0000
__Hspace_3                 (abs)        0000
__Hspace_4                 (abs)        4010
__Hstack                   stack        0000
__Hstrings                 strings      0000
__Htext                    text         0000
__Labs1                    abs1         0000
__Lbank0                   bank0        0000
__Lbank1                   bank1        0000
__Lbank2                   bank2        0000
__Lbank3                   bank3        0000
__LbssBANK1                bssBANK1     0000
__LbssCOMMON               bssCOMMON    0000
__Lcinit                   cinit        000F
__Lclrtext                 clrtext      0000
__Lcode                    code         0000
__Lcommon                  common       0000
__Lconfig                  config       0000
__LcstackBANK0             cstackBANK0  0000
__LcstackBANK1             cstackBANK1  0000
__LcstackCOMMON            cstackCOMMON 0000
__Leeprom_data             eeprom_data  0000
__Lend_init                end_init     000C
__Lfunctab                 functab      0000
__Linit                    init         000C
__Lintentry                intentry     0004
__Lmaintext                maintext     0000
__Lpowerup                 powerup      0000
__Lram                     ram          0000
__Lreset_vec               reset_vec    0000
__Lsfr0                    sfr0         0000
__Lsfr1                    sfr1         0000
__Lsfr2                    sfr2         0000
__Lsfr3                    sfr3         0000
__Lspace_0                 (abs)        0000
__Lspace_1                 (abs)        0000
__Lspace_2                 (abs)        0000
__Lspace_3                 (abs)        0000
__Lspace_4                 (abs)        0000
__Lstack                   stack        0000
__Lstrings                 strings      0000
__Ltext                    text         0000
__S0                       (abs)        1800
__S1                       (abs)        00EA
__S2                       (abs)        0000
__S3                       (abs)        0000
__Umul8_16                 text25       131A
__Umul8_16@multiplicand    cstackCOMMON 0072
__Umul8_16@multiplier      cstackBANK0  0024
__Umul8_16@product         cstackBANK0  0020
__Umul8_16@word_mpld       cstackBANK0  0022
___awdiv                   text28       1637
___awdiv@counter           cstackBANK0  0020
___awdiv@dividend          cstackCOMMON 0074
___awdiv@divisor           cstackCOMMON 0072
___awdiv@quotient          cstackBANK0  0022
___awdiv@sign              cstackBANK0  0021
___awmod                   text5        14B7
___awmod@counter           cstackCOMMON 0077
___awmod@dividend          cstackCOMMON 0074
___awmod@divisor           cstackCOMMON 0072
___awmod@sign              cstackCOMMON 0078
___fladd                   text23       0A60
___fladd@a                 cstackCOMMON 0076
___fladd@aexp              cstackBANK0  0029
___fladd@b                 cstackCOMMON 0072
___fladd@bexp              cstackBANK0  002A
___fladd@grs               cstackBANK0  002B
___fladd@signs             cstackBANK0  0028
___fldiv                   text27       0883
___fldiv@a                 cstackBANK0  0037
___fldiv@aexp              cstackBANK0  0050
___fldiv@b                 cstackBANK0  003B
___fldiv@bexp              cstackBANK0  004F
___fldiv@grs               cstackBANK0  004B
___fldiv@new_exp           cstackBANK0  0049
___fldiv@rem               cstackBANK0  0044
___fldiv@sign              cstackBANK0  0048
___flge                    text26       16A0
___flge@ff1                cstackCOMMON 0072
___flge@ff2                cstackCOMMON 0076
___flmul                   text24       0480
___flmul@a                 cstackBANK0  0055
___flmul@aexp              cstackBANK0  005F
___flmul@b                 cstackBANK0  0051
___flmul@bexp              cstackBANK0  0064
___flmul@grs               cstackBANK0  0060
___flmul@prod              cstackBANK0  0065
___flmul@sign              cstackBANK0  005E
___flmul@temp              cstackBANK0  0069
___flsub                   text22       12CF
___flsub@a                 cstackBANK0  0037
___flsub@b                 cstackBANK0  003B
___fltol                   text21       0807
___fltol@exp1              cstackCOMMON 0077
___fltol@f1                cstackCOMMON 0072
___fltol@sign1             cstackCOMMON 0076
___int_sp                  stack        0000
___latbits                 (abs)        0002
___lldiv                   text3        15CF
___lldiv@counter           cstackBANK0  0025
___lldiv@dividend          cstackCOMMON 0076
___lldiv@divisor           cstackCOMMON 0072
___lldiv@quotient          cstackBANK0  0021
___sp                      stack        0000
___stackhi                 (abs)        0000
___stacklo                 (abs)        0000
___wmul                    text20       12F3
___wmul@multiplicand       cstackBANK0  0027
___wmul@multiplier         cstackBANK0  0025
___wmul@product            cstackCOMMON 0078
___xxtofl                  text19       1744
___xxtofl@arg              cstackBANK0  0033
___xxtofl@exp              cstackBANK0  0032
___xxtofl@sign             cstackBANK0  0031
___xxtofl@val              cstackBANK0  0029
__end_of_ADC_convert       text18       0480
__end_of_I2C_Master_Init   text2        13E0
__end_of_I2C_Master_Read   text16       1371
__end_of_I2C_Master_Start  text15       1266
__end_of_I2C_Master_Stop   text14       126F
__end_of_I2C_Master_Wait   text17       1286
__end_of_I2C_Master_Write  text13       1279
__end_of_LCD_Clear         text10       1293
__end_of_LCD_Cmd           text11       12AD
__end_of_LCD_Init          text9        156D
__end_of_LCD_Port          text12       12CF
__end_of_LCD_Set_Cursor    text8        14B7
__end_of_LCD_Write_Char    text7        1419
__end_of_LCD_Write_String  text6        145F
__end_of__Umul8_16         text25       1343
__end_of___awdiv           text28       16A0
__end_of___awmod           text5        1510
__end_of___fladd           text23       0CE8
__end_of___fldiv           text27       0A60
__end_of___flge            text26       1744
__end_of___flmul           text24       07E1
__end_of___flsub           text22       12F3
__end_of___fltol           text21       0883
__end_of___lldiv           text3        1637
__end_of___wmul            text20       131A
__end_of___xxtofl          text19       1800
__end_of__initialization   cinit        001A
__end_of__stringtab        strings      07F1
__end_of_division          text4        15CF
__end_of_isr               text29       0807
__end_of_main              maintext     1000
__end_of_setup             text1        13A8
__initialization           cinit        000F
__pbssBANK1                bssBANK1     00A0
__pbssCOMMON               bssCOMMON    007A
__pcstackBANK0             cstackBANK0  0020
__pcstackBANK1             cstackBANK1  00CD
__pcstackCOMMON            cstackCOMMON 0070
__pintentry                intentry     0004
__pmaintext                maintext     0CE8
__pstrings                 strings      07E1
__ptext1                   text1        1371
__ptext10                  text10       1286
__ptext11                  text11       1293
__ptext12                  text12       12AD
__ptext13                  text13       126F
__ptext14                  text14       1266
__ptext15                  text15       125D
__ptext16                  text16       1343
__ptext17                  text17       1279
__ptext18                  text18       001E
__ptext19                  text19       1744
__ptext2                   text2        13A8
__ptext20                  text20       12F3
__ptext21                  text21       0807
__ptext22                  text22       12CF
__ptext23                  text23       0A60
__ptext24                  text24       0480
__ptext25                  text25       131A
__ptext26                  text26       16A0
__ptext27                  text27       0883
__ptext28                  text28       1637
__ptext29                  text29       0800
__ptext3                   text3        15CF
__ptext4                   text4        156D
__ptext5                   text5        14B7
__ptext6                   text6        1419
__ptext7                   text7        13E0
__ptext8                   text8        145F
__ptext9                   text9        1510
__size_of_ADC_convert      (abs)        0000
__size_of_I2C_Master_Init  (abs)        0000
__size_of_I2C_Master_Read  (abs)        0000
__size_of_I2C_Master_Start (abs)        0000
__size_of_I2C_Master_Stop  (abs)        0000
__size_of_I2C_Master_Wait  (abs)        0000
__size_of_I2C_Master_Write (abs)        0000
__size_of_LCD_Clear        (abs)        0000
__size_of_LCD_Cmd          (abs)        0000
__size_of_LCD_Init         (abs)        0000
__size_of_LCD_Port         (abs)        0000
__size_of_LCD_Set_Cursor   (abs)        0000
__size_of_LCD_Write_Char   (abs)        0000
__size_of_LCD_Write_String (abs)        0000
__size_of__Umul8_16        (abs)        0000
__size_of___awdiv          (abs)        0000
__size_of___awmod          (abs)        0000
__size_of___fladd          (abs)        0000
__size_of___fldiv          (abs)        0000
__size_of___flge           (abs)        0000
__size_of___flmul          (abs)        0000
__size_of___flsub          (abs)        0000
__size_of___fltol          (abs)        0000
__size_of___lldiv          (abs)        0000
__size_of___wmul           (abs)        0000
__size_of___xxtofl         (abs)        0000
__size_of_division         (abs)        0000
__size_of_isr              (abs)        0000
__size_of_main             (abs)        0000
__size_of_setup            (abs)        0000
__stringbase               strings      07F0
__stringtab                strings      07E1
_contador                  bssBANK1     00AF
_counter                   bssBANK1     00A4
_division                  text4        156D
_isr                       text29       0800
_main                      maintext     0CE8
_main$1024                 cstackBANK1  00E6
_setup                     text1        1371
_temperature               bssBANK1     00AE
btemp                      (abs)        007E
clear_ram0                 clrtext      1255
division@value             cstackCOMMON 0079
end_of_initialization      cinit        001A
interrupt_function         intentry     0004
intlevel0                  functab      0000
intlevel1                  functab      0000
intlevel2                  functab      0000
intlevel3                  functab      0000
intlevel4                  functab      0000
intlevel5                  functab      0000
reset_vec                  reset_vec    0000
saved_w                    (abs)        007E
start                      init         000C
start_initialization       cinit        000F
wtemp0                     (abs)        007E


FUNCTION INFORMATION:

 *************** function _main *****************
 Defined at:
		line 84 in file "P1_main_M.c"
 Parameters:    Size  Location     Type
		None
 Auto vars:     Size  Location     Type
		None
 Return value:  Size  Location     Type
                  1    wreg      void 
 Registers used:
		wreg, fsr0l, fsr0h, status,2, status,0, btemp+1, pclath, cstack
 Tracked objects:
		On entry : 
		On exit  : 
		Unchanged: 
 Data sizes:     COMMON   BANK0   BANK1   BANK3   BANK2
      Params:         0       0       0       0       0
      Locals:         0       0       4       0       0
      Temps:          0       0       4       0       0
      Totals:         0       0       8       0       0
Total ram usage:        8 bytes
 Hardware stack levels required when called:    4
 This function calls:
		_ADC_convert
		_I2C_Master_Read
		_I2C_Master_Start
		_I2C_Master_Stop
		_I2C_Master_Write
		_LCD_Clear
		_LCD_Init
		_LCD_Set_Cursor
		_LCD_Write_String
		___fldiv
		___flmul
		___fltol
		___xxtofl
		_division
		_setup
 This function is called by:
		Startup code after reset
 This function uses a non-reentrant model


 *************** function _setup *****************
 Defined at:
		line 231 in file "P1_main_M.c"
 Parameters:    Size  Location     Type
		None
 Auto vars:     Size  Location     Type
		None
 Return value:  Size  Location     Type
                  1    wreg      void 
 Registers used:
		wreg, status,2, status,0, pclath, cstack
 Tracked objects:
		On entry : 
		On exit  : 
		Unchanged: 
 Data sizes:     COMMON   BANK0   BANK1   BANK3   BANK2
      Params:         0       0       0       0       0
      Locals:         0       0       0       0       0
      Temps:          0       0       0       0       0
      Totals:         0       0       0       0       0
Total ram usage:        0 bytes
 Hardware stack levels used:    1
 Hardware stack levels required when called:    3
 This function calls:
		_I2C_Master_Init
 This function is called by:
		_main
 This function uses a non-reentrant model


 *************** function _I2C_Master_Init *****************
 Defined at:
		line 5 in file "I2C.c"
 Parameters:    Size  Location     Type
  c               4    6[BANK0 ] const unsigned long 
 Auto vars:     Size  Location     Type
		None
 Return value:  Size  Location     Type
                  1    wreg      void 
 Registers used:
		wreg, status,2, status,0, pclath, cstack
 Tracked objects:
		On entry : 
		On exit  : 
		Unchanged: 
 Data sizes:     COMMON   BANK0   BANK1   BANK3   BANK2
      Params:         0       4       0       0       0
      Locals:         0       0       0       0       0
      Temps:          0       4       0       0       0
      Totals:         0       8       0       0       0
Total ram usage:        8 bytes
 Hardware stack levels used:    1
 Hardware stack levels required when called:    2
 This function calls:
		___lldiv
 This function is called by:
		_setup
 This function uses a non-reentrant model


 *************** function ___lldiv *****************
 Defined at:
		line 5 in file "D:\PrograMicros\pic\sources\c90\common\__lldiv.c"
 Parameters:    Size  Location     Type
  divisor         4    2[COMMON] unsigned long 
  dividend        4    6[COMMON] unsigned long 
 Auto vars:     Size  Location     Type
  quotient        4    1[BANK0 ] unsigned long 
  counter         1    5[BANK0 ] unsigned char 
 Return value:  Size  Location     Type
                  4    2[COMMON] unsigned long 
 Registers used:
		wreg, status,2, status,0
 Tracked objects:
		On entry : 
		On exit  : 
		Unchanged: 
 Data sizes:     COMMON   BANK0   BANK1   BANK3   BANK2
      Params:         8       0       0       0       0
      Locals:         0       5       0       0       0
      Temps:          0       1       0       0       0
      Totals:         8       6       0       0       0
Total ram usage:       14 bytes
 Hardware stack levels used:    1
 Hardware stack levels required when called:    1
 This function calls:
		Nothing
 This function is called by:
		_I2C_Master_Init
 This function uses a non-reentrant model


 *************** function _division *****************
 Defined at:
		line 164 in file "P1_main_M.c"
 Parameters:    Size  Location     Type
  value           1    wreg     unsigned char 
 Auto vars:     Size  Location     Type
  value           1    9[COMMON] unsigned char 
 Return value:  Size  Location     Type
                  1    wreg      unsigned char 
 Registers used:
		wreg, status,2, status,0, pclath, cstack
 Tracked objects:
		On entry : 
		On exit  : 
		Unchanged: 
 Data sizes:     COMMON   BANK0   BANK1   BANK3   BANK2
      Params:         0       0       0       0       0
      Locals:         1       0       0       0       0
      Temps:          0       3       0       0       0
      Totals:         1       3       0       0       0
Total ram usage:        4 bytes
 Hardware stack levels used:    1
 Hardware stack levels required when called:    2
 This function calls:
		___awdiv
		___awmod
 This function is called by:
		_main
 This function uses a non-reentrant model


 *************** function ___awmod *****************
 Defined at:
		line 5 in file "D:\PrograMicros\pic\sources\c90\common\awmod.c"
 Parameters:    Size  Location     Type
  divisor         2    2[COMMON] int 
  dividend        2    4[COMMON] int 
 Auto vars:     Size  Location     Type
  sign            1    8[COMMON] unsigned char 
  counter         1    7[COMMON] unsigned char 
 Return value:  Size  Location     Type
                  2    2[COMMON] int 
 Registers used:
		wreg, status,2, status,0
 Tracked objects:
		On entry : 
		On exit  : 
		Unchanged: 
 Data sizes:     COMMON   BANK0   BANK1   BANK3   BANK2
      Params:         4       0       0       0       0
      Locals:         2       0       0       0       0
      Temps:          1       0       0       0       0
      Totals:         7       0       0       0       0
Total ram usage:        7 bytes
 Hardware stack levels used:    1
 Hardware stack levels required when called:    1
 This function calls:
		Nothing
 This function is called by:
		_division
 This function uses a non-reentrant model


 *************** function _LCD_Write_String *****************
 Defined at:
		line 93 in file "LCD.c"
 Parameters:    Size  Location     Type
  a               2    7[COMMON] PTR unsigned char 
		 -> contador(10), STR_5(2), ADC1(10), STR_4(2), 
		 -> ADC0(10), STR_3(3), STR_2(3), STR_1(3), 
 Auto vars:     Size  Location     Type
  i               2    3[BANK0 ] int 
 Return value:  Size  Location     Type
                  1    wreg      void 
 Registers used:
		wreg, fsr0l, fsr0h, status,2, status,0, btemp+1, pclath, cstack
 Tracked objects:
		On entry : 
		On exit  : 
		Unchanged: 
 Data sizes:     COMMON   BANK0   BANK1   BANK3   BANK2
      Params:         2       0       0       0       0
      Locals:         0       2       0       0       0
      Temps:          0       3       0       0       0
      Totals:         2       5       0       0       0
Total ram usage:        7 bytes
 Hardware stack levels used:    1
 Hardware stack levels required when called:    3
 This function calls:
		_LCD_Write_Char
 This function is called by:
		_main
 This function uses a non-reentrant model


 *************** function _LCD_Write_Char *****************
 Defined at:
		line 77 in file "LCD.c"
 Parameters:    Size  Location     Type
  a               1    wreg     unsigned char 
 Auto vars:     Size  Location     Type
  a               1    6[COMMON] unsigned char 
  y               1    5[COMMON] unsigned char 
  temp            1    4[COMMON] unsigned char 
 Return value:  Size  Location     Type
                  1    wreg      void 
 Registers used:
		wreg, status,2, status,0, pclath, cstack
 Tracked objects:
		On entry : 
		On exit  : 
		Unchanged: 
 Data sizes:     COMMON   BANK0   BANK1   BANK3   BANK2
      Params:         0       0       0       0       0
      Locals:         3       0       0       0       0
      Temps:          1       0       0       0       0
      Totals:         4       0       0       0       0
Total ram usage:        4 bytes
 Hardware stack levels used:    1
 Hardware stack levels required when called:    2
 This function calls:
		_LCD_Port
 This function is called by:
		_LCD_Write_String
 This function uses a non-reentrant model


 *************** function _LCD_Set_Cursor *****************
 Defined at:
		line 41 in file "LCD.c"
 Parameters:    Size  Location     Type
  a               1    wreg     unsigned char 
  b               1    6[COMMON] unsigned char 
 Auto vars:     Size  Location     Type
  a               1    0[BANK0 ] unsigned char 
  temp            1    3[BANK0 ] unsigned char 
  y               1    2[BANK0 ] unsigned char 
  z               1    1[BANK0 ] unsigned char 
 Return value:  Size  Location     Type
                  1    wreg      void 
 Registers used:
		wreg, status,2, status,0, pclath, cstack
 Tracked objects:
		On entry : 
		On exit  : 
		Unchanged: 
 Data sizes:     COMMON   BANK0   BANK1   BANK3   BANK2
      Params:         1       0       0       0       0
      Locals:         0       4       0       0       0
      Temps:          2       0       0       0       0
      Totals:         3       4       0       0       0
Total ram usage:        7 bytes
 Hardware stack levels used:    1
 Hardware stack levels required when called:    3
 This function calls:
		_LCD_Cmd
 This function is called by:
		_main
 This function uses a non-reentrant model


 *************** function _LCD_Init *****************
 Defined at:
		line 59 in file "LCD.c"
 Parameters:    Size  Location     Type
		None
 Auto vars:     Size  Location     Type
		None
 Return value:  Size  Location     Type
                  1    wreg      void 
 Registers used:
		wreg, status,2, status,0, pclath, cstack
 Tracked objects:
		On entry : 
		On exit  : 
		Unchanged: 
 Data sizes:     COMMON   BANK0   BANK1   BANK3   BANK2
      Params:         0       0       0       0       0
      Locals:         0       0       0       0       0
      Temps:          2       0       0       0       0
      Totals:         2       0       0       0       0
Total ram usage:        2 bytes
 Hardware stack levels used:    1
 Hardware stack levels required when called:    3
 This function calls:
		_LCD_Cmd
		_LCD_Port
 This function is called by:
		_main
 This function uses a non-reentrant model


 *************** function _LCD_Clear *****************
 Defined at:
		line 35 in file "LCD.c"
 Parameters:    Size  Location     Type
		None
 Auto vars:     Size  Location     Type
		None
 Return value:  Size  Location     Type
                  1    wreg      void 
 Registers used:
		wreg, status,2, status,0, pclath, cstack
 Tracked objects:
		On entry : 
		On exit  : 
		Unchanged: 
 Data sizes:     COMMON   BANK0   BANK1   BANK3   BANK2
      Params:         0       0       0       0       0
      Locals:         0       0       0       0       0
      Temps:          0       0       0       0       0
      Totals:         0       0       0       0       0
Total ram usage:        0 bytes
 Hardware stack levels used:    1
 Hardware stack levels required when called:    3
 This function calls:
		_LCD_Cmd
 This function is called by:
		_main
 This function uses a non-reentrant model


 *************** function _LCD_Cmd *****************
 Defined at:
		line 26 in file "LCD.c"
 Parameters:    Size  Location     Type
  a               1    wreg     unsigned char 
 Auto vars:     Size  Location     Type
  a               1    5[COMMON] unsigned char 
 Return value:  Size  Location     Type
                  1    wreg      void 
 Registers used:
		wreg, status,2, status,0, pclath, cstack
 Tracked objects:
		On entry : 
		On exit  : 
		Unchanged: 
 Data sizes:     COMMON   BANK0   BANK1   BANK3   BANK2
      Params:         0       0       0       0       0
      Locals:         1       0       0       0       0
      Temps:          2       0       0       0       0
      Totals:         3       0       0       0       0
Total ram usage:        3 bytes
 Hardware stack levels used:    1
 Hardware stack levels required when called:    2
 This function calls:
		_LCD_Port
 This function is called by:
		_LCD_Clear
		_LCD_Set_Cursor
		_LCD_Init
		_LCD_Shift_Right
		_LCD_Shift_Left
 This function uses a non-reentrant model


 *************** function _LCD_Port *****************
 Defined at:
		line 3 in file "LCD.c"
 Parameters:    Size  Location     Type
  a               1    wreg     unsigned char 
 Auto vars:     Size  Location     Type
  a               1    2[COMMON] unsigned char 
 Return value:  Size  Location     Type
                  1    wreg      void 
 Registers used:
		wreg
 Tracked objects:
		On entry : 
		On exit  : 
		Unchanged: 
 Data sizes:     COMMON   BANK0   BANK1   BANK3   BANK2
      Params:         0       0       0       0       0
      Locals:         1       0       0       0       0
      Temps:          0       0       0       0       0
      Totals:         1       0       0       0       0
Total ram usage:        1 bytes
 Hardware stack levels used:    1
 Hardware stack levels required when called:    1
 This function calls:
		Nothing
 This function is called by:
		_LCD_Cmd
		_LCD_Init
		_LCD_Write_Char
 This function uses a non-reentrant model


 *************** function _I2C_Master_Write *****************
 Defined at:
		line 48 in file "I2C.c"
 Parameters:    Size  Location     Type
  d               2    2[COMMON] unsigned int 
 Auto vars:     Size  Location     Type
		None
 Return value:  Size  Location     Type
                  1    wreg      void 
 Registers used:
		wreg, status,2, status,0, pclath, cstack
 Tracked objects:
		On entry : 
		On exit  : 
		Unchanged: 
 Data sizes:     COMMON   BANK0   BANK1   BANK3   BANK2
      Params:         2       0       0       0       0
      Locals:         0       0       0       0       0
      Temps:          0       0       0       0       0
      Totals:         2       0       0       0       0
Total ram usage:        2 bytes
 Hardware stack levels used:    1
 Hardware stack levels required when called:    2
 This function calls:
		_I2C_Master_Wait
 This function is called by:
		_main
 This function uses a non-reentrant model


 *************** function _I2C_Master_Stop *****************
 Defined at:
		line 40 in file "I2C.c"
 Parameters:    Size  Location     Type
		None
 Auto vars:     Size  Location     Type
		None
 Return value:  Size  Location     Type
                  1    wreg      void 
 Registers used:
		wreg, status,2, status,0, pclath, cstack
 Tracked objects:
		On entry : 
		On exit  : 
		Unchanged: 
 Data sizes:     COMMON   BANK0   BANK1   BANK3   BANK2
      Params:         0       0       0       0       0
      Locals:         0       0       0       0       0
      Temps:          0       0       0       0       0
      Totals:         0       0       0       0       0
Total ram usage:        0 bytes
 Hardware stack levels used:    1
 Hardware stack levels required when called:    2
 This function calls:
		_I2C_Master_Wait
 This function is called by:
		_main
 This function uses a non-reentrant model


 *************** function _I2C_Master_Start *****************
 Defined at:
		line 24 in file "I2C.c"
 Parameters:    Size  Location     Type
		None
 Auto vars:     Size  Location     Type
		None
 Return value:  Size  Location     Type
                  1    wreg      void 
 Registers used:
		wreg, status,2, status,0, pclath, cstack
 Tracked objects:
		On entry : 
		On exit  : 
		Unchanged: 
 Data sizes:     COMMON   BANK0   BANK1   BANK3   BANK2
      Params:         0       0       0       0       0
      Locals:         0       0       0       0       0
      Temps:          0       0       0       0       0
      Totals:         0       0       0       0       0
Total ram usage:        0 bytes
 Hardware stack levels used:    1
 Hardware stack levels required when called:    2
 This function calls:
		_I2C_Master_Wait
 This function is called by:
		_main
 This function uses a non-reentrant model


 *************** function _I2C_Master_Read *****************
 Defined at:
		line 56 in file "I2C.c"
 Parameters:    Size  Location     Type
  a               2    2[COMMON] unsigned short 
 Auto vars:     Size  Location     Type
  temp            2    6[COMMON] unsigned short 
 Return value:  Size  Location     Type
                  2    2[COMMON] unsigned short 
 Registers used:
		wreg, status,2, status,0, pclath, cstack
 Tracked objects:
		On entry : 
		On exit  : 
		Unchanged: 
 Data sizes:     COMMON   BANK0   BANK1   BANK3   BANK2
      Params:         2       0       0       0       0
      Locals:         2       0       0       0       0
      Temps:          2       0       0       0       0
      Totals:         6       0       0       0       0
Total ram usage:        6 bytes
 Hardware stack levels used:    1
 Hardware stack levels required when called:    2
 This function calls:
		_I2C_Master_Wait
 This function is called by:
		_main
 This function uses a non-reentrant model


 *************** function _I2C_Master_Wait *****************
 Defined at:
		line 17 in file "I2C.c"
 Parameters:    Size  Location     Type
		None
 Auto vars:     Size  Location     Type
		None
 Return value:  Size  Location     Type
                  1    wreg      void 
 Registers used:
		wreg, status,2
 Tracked objects:
		On entry : 
		On exit  : 
		Unchanged: 
 Data sizes:     COMMON   BANK0   BANK1   BANK3   BANK2
      Params:         0       0       0       0       0
      Locals:         0       0       0       0       0
      Temps:          0       0       0       0       0
      Totals:         0       0       0       0       0
Total ram usage:        0 bytes
 Hardware stack levels used:    1
 Hardware stack levels required when called:    1
 This function calls:
		Nothing
 This function is called by:
		_I2C_Master_Start
		_I2C_Master_Stop
		_I2C_Master_Write
		_I2C_Master_Read
		_I2C_Master_RepeatedStart
 This function uses a non-reentrant model


 *************** function _ADC_convert *****************
 Defined at:
		line 173 in file "P1_main_M.c"
 Parameters:    Size  Location     Type
  data            1    wreg     PTR unsigned char 
		 -> contador(10), ADC1(10), ADC0(10), 
  a               4    0[BANK1 ] float 
  place           2    4[BANK1 ] int 
 Auto vars:     Size  Location     Type
  data            1   10[BANK1 ] PTR unsigned char 
		 -> contador(10), ADC1(10), ADC0(10), 
  x               4   11[BANK1 ] float 
  mu              2   19[BANK1 ] int 
  character       2   17[BANK1 ] int 
  i               2   15[BANK1 ] int 
  j               2    8[BANK1 ] int 
  temp            2    6[BANK1 ] int 
 Return value:  Size  Location     Type
                  1    wreg      void 
 Registers used:
		wreg, fsr0l, fsr0h, status,2, status,0, btemp+1, pclath, cstack
 Tracked objects:
		On entry : 
		On exit  : 
		Unchanged: 
 Data sizes:     COMMON   BANK0   BANK1   BANK3   BANK2
      Params:         0       0       6       0       0
      Locals:         0       0      15       0       0
      Temps:          0       2       0       0       0
      Totals:         0       2      21       0       0
Total ram usage:       23 bytes
 Hardware stack levels used:    1
 Hardware stack levels required when called:    3
 This function calls:
		___awdiv
		___fldiv
		___flge
		___flmul
		___flsub
		___fltol
		___wmul
		___xxtofl
 This function is called by:
		_main
 This function uses a non-reentrant model


 *************** function ___xxtofl *****************
 Defined at:
		line 10 in file "D:\PrograMicros\pic\sources\c90\common\xxtofl.c"
 Parameters:    Size  Location     Type
  sign            1    wreg     unsigned char 
  val             4    9[BANK0 ] long 
 Auto vars:     Size  Location     Type
  sign            1   17[BANK0 ] unsigned char 
  arg             4   19[BANK0 ] unsigned long 
  exp             1   18[BANK0 ] unsigned char 
 Return value:  Size  Location     Type
                  4    9[BANK0 ] unsigned char 
 Registers used:
		wreg, status,2, status,0
 Tracked objects:
		On entry : 
		On exit  : 
		Unchanged: 
 Data sizes:     COMMON   BANK0   BANK1   BANK3   BANK2
      Params:         0       4       0       0       0
      Locals:         0       6       0       0       0
      Temps:          0       4       0       0       0
      Totals:         0      14       0       0       0
Total ram usage:       14 bytes
 Hardware stack levels used:    1
 Hardware stack levels required when called:    1
 This function calls:
		Nothing
 This function is called by:
		_main
		_ADC_convert
 This function uses a non-reentrant model


 *************** function ___wmul *****************
 Defined at:
		line 15 in file "D:\PrograMicros\pic\sources\c90\common\Umul16.c"
 Parameters:    Size  Location     Type
  multiplier      2    5[BANK0 ] unsigned int 
  multiplicand    2    7[BANK0 ] unsigned int 
 Auto vars:     Size  Location     Type
  product         2    8[COMMON] unsigned int 
 Return value:  Size  Location     Type
                  2    5[BANK0 ] unsigned int 
 Registers used:
		wreg, status,2, status,0
 Tracked objects:
		On entry : 
		On exit  : 
		Unchanged: 
 Data sizes:     COMMON   BANK0   BANK1   BANK3   BANK2
      Params:         0       4       0       0       0
      Locals:         2       0       0       0       0
      Temps:          0       0       0       0       0
      Totals:         2       4       0       0       0
Total ram usage:        6 bytes
 Hardware stack levels used:    1
 Hardware stack levels required when called:    1
 This function calls:
		Nothing
 This function is called by:
		_ADC_convert
 This function uses a non-reentrant model


 *************** function ___fltol *****************
 Defined at:
		line 43 in file "D:\PrograMicros\pic\sources\c90\common\fltol.c"
 Parameters:    Size  Location     Type
  f1              4    2[COMMON] unsigned int 
 Auto vars:     Size  Location     Type
  exp1            1    7[COMMON] unsigned char 
  sign1           1    6[COMMON] unsigned char 
 Return value:  Size  Location     Type
                  4    2[COMMON] long 
 Registers used:
		wreg, status,2, status,0
 Tracked objects:
		On entry : 
		On exit  : 
		Unchanged: 
 Data sizes:     COMMON   BANK0   BANK1   BANK3   BANK2
      Params:         4       0       0       0       0
      Locals:         2       0       0       0       0
      Temps:          0       5       0       0       0
      Totals:         6       5       0       0       0
Total ram usage:       11 bytes
 Hardware stack levels used:    1
 Hardware stack levels required when called:    1
 This function calls:
		Nothing
 This function is called by:
		_main
		_ADC_convert
 This function uses a non-reentrant model


 *************** function ___flsub *****************
 Defined at:
		line 242 in file "D:\PrograMicros\pic\sources\c90\common\sprcadd.c"
 Parameters:    Size  Location     Type
  a               4   23[BANK0 ] long 
  b               4   27[BANK0 ] long 
 Auto vars:     Size  Location     Type
		None
 Return value:  Size  Location     Type
                  4   23[BANK0 ] long 
 Registers used:
		wreg, status,2, status,0, btemp+1, pclath, cstack
 Tracked objects:
		On entry : 
		On exit  : 
		Unchanged: 
 Data sizes:     COMMON   BANK0   BANK1   BANK3   BANK2
      Params:         0       8       0       0       0
      Locals:         0       0       0       0       0
      Temps:          0       0       0       0       0
      Totals:         0       8       0       0       0
Total ram usage:        8 bytes
 Hardware stack levels used:    1
 Hardware stack levels required when called:    2
 This function calls:
		___fladd
 This function is called by:
		_ADC_convert
 This function uses a non-reentrant model


 *************** function ___fladd *****************
 Defined at:
		line 10 in file "D:\PrograMicros\pic\sources\c90\common\sprcadd.c"
 Parameters:    Size  Location     Type
  b               4    2[COMMON] long 
  a               4    6[COMMON] long 
 Auto vars:     Size  Location     Type
  grs             1   11[BANK0 ] unsigned char 
  bexp            1   10[BANK0 ] unsigned char 
  aexp            1    9[BANK0 ] unsigned char 
  signs           1    8[BANK0 ] unsigned char 
 Return value:  Size  Location     Type
                  4    2[COMMON] unsigned char 
 Registers used:
		wreg, status,2, status,0, btemp+1
 Tracked objects:
		On entry : 
		On exit  : 
		Unchanged: 
 Data sizes:     COMMON   BANK0   BANK1   BANK3   BANK2
      Params:         8       0       0       0       0
      Locals:         0       4       0       0       0
      Temps:          0       8       0       0       0
      Totals:         8      12       0       0       0
Total ram usage:       20 bytes
 Hardware stack levels used:    1
 Hardware stack levels required when called:    1
 This function calls:
		Nothing
 This function is called by:
		___flsub
 This function uses a non-reentrant model


 *************** function ___flmul *****************
 Defined at:
		line 8 in file "D:\PrograMicros\pic\sources\c90\common\sprcmul.c"
 Parameters:    Size  Location     Type
  b               4   49[BANK0 ] unsigned char 
  a               4   53[BANK0 ] unsigned char 
 Auto vars:     Size  Location     Type
  prod            4   69[BANK0 ] struct .
  grs             4   64[BANK0 ] unsigned long 
  temp            2   73[BANK0 ] struct .
  bexp            1   68[BANK0 ] unsigned char 
  aexp            1   63[BANK0 ] unsigned char 
  sign            1   62[BANK0 ] unsigned char 
 Return value:  Size  Location     Type
                  4   49[BANK0 ] unsigned char 
 Registers used:
		wreg, status,2, status,0, btemp+1, pclath, cstack
 Tracked objects:
		On entry : 
		On exit  : 
		Unchanged: 
 Data sizes:     COMMON   BANK0   BANK1   BANK3   BANK2
      Params:         0       8       0       0       0
      Locals:         0      13       0       0       0
      Temps:          0       5       0       0       0
      Totals:         0      26       0       0       0
Total ram usage:       26 bytes
 Hardware stack levels used:    1
 Hardware stack levels required when called:    2
 This function calls:
		__Umul8_16
 This function is called by:
		_main
		_ADC_convert
 This function uses a non-reentrant model


 *************** function __Umul8_16 *****************
 Defined at:
		line 4 in file "D:\PrograMicros\pic\sources\c90\common\Umul8_16.c"
 Parameters:    Size  Location     Type
  multiplier      1    wreg     unsigned char 
  multiplicand    1    2[COMMON] unsigned char 
 Auto vars:     Size  Location     Type
  multiplier      1    4[BANK0 ] unsigned char 
  word_mpld       2    2[BANK0 ] unsigned int 
  product         2    0[BANK0 ] unsigned int 
 Return value:  Size  Location     Type
                  2    2[COMMON] unsigned int 
 Registers used:
		wreg, status,2, status,0
 Tracked objects:
		On entry : 
		On exit  : 
		Unchanged: 
 Data sizes:     COMMON   BANK0   BANK1   BANK3   BANK2
      Params:         2       0       0       0       0
      Locals:         0       5       0       0       0
      Temps:          2       0       0       0       0
      Totals:         4       5       0       0       0
Total ram usage:        9 bytes
 Hardware stack levels used:    1
 Hardware stack levels required when called:    1
 This function calls:
		Nothing
 This function is called by:
		___flmul
 This function uses a non-reentrant model


 *************** function ___flge *****************
 Defined at:
		line 4 in file "D:\PrograMicros\pic\sources\c90\common\flge.c"
 Parameters:    Size  Location     Type
  ff1             4    2[COMMON] unsigned int 
  ff2             4    6[COMMON] unsigned int 
 Auto vars:     Size  Location     Type
		None
 Return value:  Size  Location     Type
		None               void
 Registers used:
		wreg, status,2, status,0
 Tracked objects:
		On entry : 
		On exit  : 
		Unchanged: 
 Data sizes:     COMMON   BANK0   BANK1   BANK3   BANK2
      Params:         8       0       0       0       0
      Locals:         0       0       0       0       0
      Temps:          0       4       0       0       0
      Totals:         8       4       0       0       0
Total ram usage:       12 bytes
 Hardware stack levels used:    1
 Hardware stack levels required when called:    1
 This function calls:
		Nothing
 This function is called by:
		_ADC_convert
 This function uses a non-reentrant model


 *************** function ___fldiv *****************
 Defined at:
		line 8 in file "D:\PrograMicros\pic\sources\c90\common\sprcdiv.c"
 Parameters:    Size  Location     Type
  a               4   23[BANK0 ] unsigned int 
  b               4   27[BANK0 ] unsigned int 
 Auto vars:     Size  Location     Type
  grs             4   43[BANK0 ] unsigned long 
  rem             4   36[BANK0 ] unsigned long 
  new_exp         2   41[BANK0 ] int 
  aexp            1   48[BANK0 ] unsigned char 
  bexp            1   47[BANK0 ] unsigned char 
  sign            1   40[BANK0 ] unsigned char 
 Return value:  Size  Location     Type
                  4   23[BANK0 ] unsigned char 
 Registers used:
		wreg, status,2, status,0, btemp+1
 Tracked objects:
		On entry : 
		On exit  : 
		Unchanged: 
 Data sizes:     COMMON   BANK0   BANK1   BANK3   BANK2
      Params:         0       8       0       0       0
      Locals:         0      13       0       0       0
      Temps:          0       5       0       0       0
      Totals:         0      26       0       0       0
Total ram usage:       26 bytes
 Hardware stack levels used:    1
 Hardware stack levels required when called:    1
 This function calls:
		Nothing
 This function is called by:
		_main
		_ADC_convert
 This function uses a non-reentrant model


 *************** function ___awdiv *****************
 Defined at:
		line 5 in file "D:\PrograMicros\pic\sources\c90\common\awdiv.c"
 Parameters:    Size  Location     Type
  divisor         2    2[COMMON] int 
  dividend        2    4[COMMON] int 
 Auto vars:     Size  Location     Type
  quotient        2    2[BANK0 ] int 
  sign            1    1[BANK0 ] unsigned char 
  counter         1    0[BANK0 ] unsigned char 
 Return value:  Size  Location     Type
                  2    2[COMMON] int 
 Registers used:
		wreg, status,2, status,0
 Tracked objects:
		On entry : 
		On exit  : 
		Unchanged: 
 Data sizes:     COMMON   BANK0   BANK1   BANK3   BANK2
      Params:         4       0       0       0       0
      Locals:         0       4       0       0       0
      Temps:          1       0       0       0       0
      Totals:         5       4       0       0       0
Total ram usage:        9 bytes
 Hardware stack levels used:    1
 Hardware stack levels required when called:    1
 This function calls:
		Nothing
 This function is called by:
		_division
		_ADC_convert
 This function uses a non-reentrant model


 *************** function _isr *****************
 Defined at:
		line 77 in file "P1_main_M.c"
 Parameters:    Size  Location     Type
		None
 Auto vars:     Size  Location     Type
		None
 Return value:  Size  Location     Type
                  1    wreg      void 
 Registers used:
		None
 Tracked objects:
		On entry : 
		On exit  : 
		Unchanged: 
 Data sizes:     COMMON   BANK0   BANK1   BANK3   BANK2
      Params:         0       0       0       0       0
      Locals:         0       0       0       0       0
      Temps:          2       0       0       0       0
      Totals:         2       0       0       0       0
Total ram usage:        2 bytes
 Hardware stack levels used:    1
 This function calls:
		Nothing
 This function is called by:
		Interrupt level 1
 This function uses a non-reentrant model



MODULE INFORMATION

Module		Function		Class		Link	Load	Size
D:\PrograMicros\pic\sources\c90\common\xxtofl.c
		___xxtofl      		CODE           	1744	0000	188

D:\PrograMicros\pic\sources\c90\common\xxtofl.c estimated size: 188

D:\PrograMicros\pic\sources\c90\common\Umul8_16.c
		__Umul8_16     		CODE           	131A	0000	41

D:\PrograMicros\pic\sources\c90\common\Umul8_16.c estimated size: 41

D:\PrograMicros\pic\sources\c90\common\sprcmul.c
		___flmul       		CODE           	0480	0000	865

D:\PrograMicros\pic\sources\c90\common\sprcmul.c estimated size: 865

I2C.c
		_I2C_Master_Read		CODE           	1343	0000	46
		_I2C_Master_Wait		CODE           	1279	0000	13
		_I2C_Master_Init		CODE           	13A8	0000	56
		_I2C_Master_Stop		CODE           	1266	0000	9
		_I2C_Master_Write		CODE           	126F	0000	10
		_I2C_Master_Start		CODE           	125D	0000	9

I2C.c estimated size: 143

D:\PrograMicros\pic\sources\c90\common\sprcdiv.c
		___fldiv       		CODE           	0883	0000	477

D:\PrograMicros\pic\sources\c90\common\sprcdiv.c estimated size: 477

D:\PrograMicros\pic\sources\c90\common\__lldiv.c
		___lldiv       		CODE           	15CF	0000	104

D:\PrograMicros\pic\sources\c90\common\__lldiv.c estimated size: 104

D:\PrograMicros\pic\sources\c90\common\awmod.c
		___awmod       		CODE           	14B7	0000	89

D:\PrograMicros\pic\sources\c90\common\awmod.c estimated size: 89

D:\PrograMicros\pic\sources\c90\common\Umul16.c
		___wmul        		CODE           	12F3	0000	39

D:\PrograMicros\pic\sources\c90\common\Umul16.c estimated size: 39

shared
		__stringtab    		STRING         	07E1	0000	16
		__initialization		CODE           	000F	0000	11

shared estimated size: 27

P1_main_M.c
		_ADC_convert   		CODE           	001E	0000	1122
		_main          		CODE           	0CE8	0000	792
		_isr           		CODE           	0800	0000	7
		_division      		CODE           	156D	0000	98
		_setup         		CODE           	1371	0000	55

P1_main_M.c estimated size: 2074

D:\PrograMicros\pic\sources\c90\common\sprcadd.c
		___flsub       		CODE           	12CF	0000	36
		___fladd       		CODE           	0A60	0000	648

D:\PrograMicros\pic\sources\c90\common\sprcadd.c estimated size: 684

D:\PrograMicros\pic\sources\c90\common\fltol.c
		___fltol       		CODE           	0807	0000	124

D:\PrograMicros\pic\sources\c90\common\fltol.c estimated size: 124

D:\PrograMicros\pic\sources\c90\common\flge.c
		___flge        		CODE           	16A0	0000	164

D:\PrograMicros\pic\sources\c90\common\flge.c estimated size: 164

D:\PrograMicros\pic\sources\c90\common\awdiv.c
		___awdiv       		CODE           	1637	0000	105

D:\PrograMicros\pic\sources\c90\common\awdiv.c estimated size: 105

LCD.c
		_LCD_Init      		CODE           	1510	0000	93
		_LCD_Write_Char		CODE           	13E0	0000	57
		_LCD_Cmd       		CODE           	1293	0000	26
		_LCD_Set_Cursor		CODE           	145F	0000	88
		_LCD_Clear     		CODE           	1286	0000	13
		_LCD_Port      		CODE           	12AD	0000	34
		_LCD_Write_String		CODE           	1419	0000	70

LCD.c estimated size: 381

